1,2.33333333333333
2,1.33333333333333
3,4.33333333333333