0,2.45535186280308
1,2.61554928741093
2,2.755158221303
3,2.59715579710145
4,2.40056701030928
5,2.73814222222222
6,2.55062931034483