0,2.58444241871771
1,2.60075903377295
2,2.81188559649575
3,2.69510432681748
4,2.46819435736677
5,2.5364907367514
6,2.72982608695652
7,0.0